[2m8:03:42 pm[22m [31m[1m[vite][22m[39m [31m[2m(client)[22m[39m Pre-transform error: Failed to resolve import "./pages/ProbabilityPage" from "src/router.tsx". Does the file exist?
  Plugin: [35mvite:import-analysis[39m
  File: [36mC:/Users/Anuj Rampuriya/Desktop/Samsara/frontend/src/router.tsx[39m:8:32
[33m  7  |  import { DriftPage } from "./pages/DriftPage";
  8  |  import { EvidencePage } from "./pages/EvidencePage";
  9  |  import { ProbabilityPage } from "./pages/ProbabilityPage";
     |                                   ^
  10 |  export const router = createBrowserRouter(
  11 |    [[39m
[2m8:03:42 pm[22m [31m[1m[vite][22m[39m [31mInternal server error: Failed to resolve import "./pages/ProbabilityPage" from "src/router.tsx". Does the file exist?[39m
  Plugin: [35mvite:import-analysis[39m
  File: [36mC:/Users/Anuj Rampuriya/Desktop/Samsara/frontend/src/router.tsx[39m:8:32
[33m  7  |  import { DriftPage } from "./pages/DriftPage";
  8  |  import { EvidencePage } from "./pages/EvidencePage";
  9  |  import { ProbabilityPage } from "./pages/ProbabilityPage";
     |                                   ^
  10 |  export const router = createBrowserRouter(
  11 |    [[39m
      at TransformPluginContext._formatLog (file:///C:/Users/Anuj%20Rampuriya/Desktop/Samsara/frontend/node_modules/vite/dist/node/chunks/config.js:29079:43)
      at TransformPluginContext.error (file:///C:/Users/Anuj%20Rampuriya/Desktop/Samsara/frontend/node_modules/vite/dist/node/chunks/config.js:29076:14)
      at normalizeUrl (file:///C:/Users/Anuj%20Rampuriya/Desktop/Samsara/frontend/node_modules/vite/dist/node/chunks/config.js:27199:18)
      at process.processTicksAndRejections (node:internal/process/task_queues:104:5)
      at async file:///C:/Users/Anuj%20Rampuriya/Desktop/Samsara/frontend/node_modules/vite/dist/node/chunks/config.js:27257:32
      at async Promise.all (index 8)
      at async TransformPluginContext.transform (file:///C:/Users/Anuj%20Rampuriya/Desktop/Samsara/frontend/node_modules/vite/dist/node/chunks/config.js:27225:4)
      at async EnvironmentPluginContainer.transform (file:///C:/Users/Anuj%20Rampuriya/Desktop/Samsara/frontend/node_modules/vite/dist/node/chunks/config.js:28877:14)
      at async loadAndTransform (file:///C:/Users/Anuj%20Rampuriya/Desktop/Samsara/frontend/node_modules/vite/dist/node/chunks/config.js:22746:26)
      at async viteTransformMiddleware (file:///C:/Users/Anuj%20Rampuriya/Desktop/Samsara/frontend/node_modules/vite/dist/node/chunks/config.js:24622:20)
